git clone https://github.com/Nani-Github92/sample-repo.
git init
git add README.md
touch README.md
git add README.md
git status
git commit
git commit -m
git commit -m add README.md
git login
git config --global user.email "anusurinani@gmail.com"
git config --global user.name "Nani-Github92"
git commit -m add README.md
git branch -M main
git remote add origin https://github.com/Nani-Github92/sample-repo.git
git push -u origin main
cat README.md
git pull
git add .
git status
git commit -m "adding new txt file"
git push
git log
exit

$ git stage
Nothing specified, nothing added.
hint: Maybe you wanted to say 'git add .'?
hint: Turn this message off by running
hint: "git config advice.addEmptyPathspec false"

$ git stash
No local changes to save

$ git status
On branch main
Your branch is up to date with 'origin/main'.

Untracked files:
  (use "git add <file>..." to include in what will be committed)
        git cmds.txt

nothing added to commit but untracked files present (use "git add" to track)

$ git stash
Saved working directory and index state WIP on main: e4c2cd4 New Commit


